// Jest Snapshot v1, https://goo.gl/fbAQLP

exports[`styled with style function styles with predefined styled component 1`] = `
<div
  apply={[Function]}
  className="a"
  compose={[Function]}
/>
`;
